// Vitest Snapshot v1, https://vitest.dev/guide/snapshot.html

exports[`handleDeleteDomain > should handle non-existent domains found 1`] = `
[MockFunction log] {
  "calls": [
    [
      "ðŸ™… No related domains found",
    ],
  ],
  "results": [
    {
      "type": "return",
      "value": undefined,
    },
  ],
}
`;
