// Vitest Snapshot v1, https://vitest.dev/guide/snapshot.html

exports[`handleInit > clones the repository and updates project config -- uninstall git 1`] = `
[MockFunction log] {
  "calls": [
    [
      "Repository cloned successfully.",
    ],
    [
      "ðŸ’¬ Do you want to init git in your project?",
    ],
    [
      "ðŸ’¬ Git installation was skipped.",
    ],
    [
      "ðŸ’¬ Do you want to deploy your project?",
    ],
  ],
  "results": [
    {
      "type": "return",
      "value": undefined,
    },
    {
      "type": "return",
      "value": undefined,
    },
    {
      "type": "return",
      "value": undefined,
    },
    {
      "type": "return",
      "value": undefined,
    },
  ],
}
`;

exports[`handleInit > clones the repository and updates project config --install git 1`] = `
[MockFunction log] {
  "calls": [
    [
      "Repository cloned successfully.",
    ],
    [
      "ðŸ’¬ Do you want to init git in your project?",
    ],
    [
      "Git has been installed successfully.",
    ],
    [
      "ðŸ’¬ Do you want to deploy your project?",
    ],
  ],
  "results": [
    {
      "type": "return",
      "value": undefined,
    },
    {
      "type": "return",
      "value": undefined,
    },
    {
      "type": "return",
      "value": undefined,
    },
    {
      "type": "return",
      "value": undefined,
    },
  ],
}
`;
